Incident Identifier: 20EFFCE2-15D0-4695-8F8A-460E7C0E03CA
Distributor ID:      com.apple.TestFlight
Hardware Model:      iPhone15,2
Process:             meetOn [46504]
Path:                /private/var/containers/Bundle/Application/CB47D629-5BAA-4C61-B558-762A24BAF2EA/meetOn.app/meetOn
Identifier:          com.domino96.meetOn
Version:             1.0.10 (1)
AppStoreTools:       17A323
AppVariant:          1:iPhone15,2:18
Beta:                YES
Code Type:           ARM-64 (Native)
Role:                Foreground
Parent Process:      launchd [1]
Coalition:           com.domino96.meetOn [2715]

Date/Time:           2025-10-10 10:29:02.8891 +0200
Launch Time:         2025-10-10 10:29:00.1549 +0200
OS Version:          iPhone OS 18.6.2 (22G100)
Release Type:        User
Baseband Version:    3.70.02
Report Version:      104

Exception Type:  EXC_CRASH (SIGABRT)
Exception Codes: 0x0000000000000000, 0x0000000000000000
Termination Reason: SIGNAL 6 Abort trap: 6
Terminating Process: meetOn [46504]

Triggered by Thread:  6


Thread 0 name:
Thread 0:
0   libsystem_kernel.dylib        	0x00000001ef549ce4 mach_msg2_trap + 8 (:-1)
1   libsystem_kernel.dylib        	0x00000001ef54d39c mach_msg2_internal + 76 (mach_msg.c:201)
2   libsystem_kernel.dylib        	0x00000001ef54d2b8 mach_msg_overwrite + 428 (mach_msg.c:0)
3   libsystem_kernel.dylib        	0x00000001ef54d100 mach_msg + 24 (mach_msg.c:323)
4   CoreFoundation                	0x000000019e6ef7a0 __CFRunLoopServiceMachPort + 160 (CFRunLoop.c:2637)
5   CoreFoundation                	0x000000019e6ee090 __CFRunLoopRun + 1208 (CFRunLoop.c:3021)
6   CoreFoundation                	0x000000019e6efadc CFRunLoopRunSpecific + 572 (CFRunLoop.c:3434)
7   GraphicsServices              	0x00000001eb515454 GSEventRunModal + 168 (GSEvent.c:2196)
8   UIKitCore                     	0x00000001a1111274 -[UIApplication _run] + 816 (UIApplication.m:3845)
9   UIKitCore                     	0x00000001a10dca28 UIApplicationMain + 336 (UIApplication.m:5540)
10  meetOn                        	0x0000000102ce162c main + 64 (AppDelegate.swift:6)
11  dyld                          	0x00000001c5181f08 start + 6040 (dyldMain.cpp:1450)

Thread 1:
0   libsystem_pthread.dylib       	0x0000000228b90aa4 start_wqthread + 0 (:-1)

Thread 2:
0   libsystem_pthread.dylib       	0x0000000228b90aa4 start_wqthread + 0 (:-1)

Thread 3:
0   libsystem_pthread.dylib       	0x0000000228b90aa4 start_wqthread + 0 (:-1)

Thread 4:
0   libsystem_pthread.dylib       	0x0000000228b90aa4 start_wqthread + 0 (:-1)

Thread 5 name:
Thread 5:
0   libsystem_kernel.dylib        	0x00000001ef549ce4 mach_msg2_trap + 8 (:-1)
1   libsystem_kernel.dylib        	0x00000001ef54d39c mach_msg2_internal + 76 (mach_msg.c:201)
2   libsystem_kernel.dylib        	0x00000001ef54d2b8 mach_msg_overwrite + 428 (mach_msg.c:0)
3   libsystem_kernel.dylib        	0x00000001ef54d100 mach_msg + 24 (mach_msg.c:323)
4   CoreFoundation                	0x000000019e6ef7a0 __CFRunLoopServiceMachPort + 160 (CFRunLoop.c:2637)
5   CoreFoundation                	0x000000019e6ee090 __CFRunLoopRun + 1208 (CFRunLoop.c:3021)
6   CoreFoundation                	0x000000019e6efadc CFRunLoopRunSpecific + 572 (CFRunLoop.c:3434)
7   Foundation                    	0x000000019d36679c -[NSRunLoop(NSRunLoop) runMode:beforeDate:] + 212 (NSRunLoop.m:375)
8   Foundation                    	0x000000019d36c020 -[NSRunLoop(NSRunLoop) runUntilDate:] + 64 (NSRunLoop.m:422)
9   UIKitCore                     	0x00000001a10fb56c -[UIEventFetcher threadMain] + 424 (UIEventFetcher.m:1351)
10  Foundation                    	0x000000019d3cc804 __NSThread__start__ + 732 (NSThread.m:991)
11  libsystem_pthread.dylib       	0x0000000228b93344 _pthread_start + 136 (pthread.c:931)
12  libsystem_pthread.dylib       	0x0000000228b90ab8 thread_start + 8 (:-1)

Thread 6 name:
Thread 6 Crashed:
0   libsystem_kernel.dylib        	0x00000001ef5541dc __pthread_kill + 8 (:-1)
1   libsystem_pthread.dylib       	0x0000000228b97c60 pthread_kill + 268 (pthread.c:1721)
2   libsystem_c.dylib             	0x00000001a67360ac abort + 124 (abort.c:122)
3   libc++abi.dylib               	0x0000000228ac15a0 abort_message + 132 (abort_message.cpp:78)
4   libc++abi.dylib               	0x0000000228aafef4 demangling_terminate_handler() + 316 (cxa_default_handlers.cpp:72)
5   libobjc.A.dylib               	0x000000019bc93c08 _objc_terminate() + 172 (objc-exception.mm:499)
6   libc++abi.dylib               	0x0000000228ac08b4 std::__terminate(void (*)()) + 16 (cxa_handlers.cpp:59)
7   libc++abi.dylib               	0x0000000228ac40d0 __cxa_rethrow + 188 (cxa_exception.cpp:658)
8   libobjc.A.dylib               	0x000000019bc91568 objc_exception_rethrow + 44 (objc-exception.mm:399)
9   React                         	0x0000000103b7f548 invocation function for block in facebook::react::ObjCTurboModule::performVoidMethodInvocation(facebook::jsi::Runtime&, char const*, NSInvocation*, NSMutableArray*) + 192
10  React                         	0x0000000103b844d4 std::__1::__function::__func<facebook::react::ObjCTurboModule::performVoidMethodInvocation(facebook::jsi::Runtime&, char const*, NSInvocation*, NSMutableArray*)::$_1, std::__1::allocator<facebook::... + 88
11  libdispatch.dylib             	0x00000001a667aaac _dispatch_call_block_and_release + 32 (init.c:1575)
12  libdispatch.dylib             	0x00000001a6694584 _dispatch_client_callout + 16 (client_callout.mm:85)
13  libdispatch.dylib             	0x00000001a66832d0 _dispatch_lane_serial_drain + 740 (queue.c:3939)
14  libdispatch.dylib             	0x00000001a6683dac _dispatch_lane_invoke + 388 (queue.c:4030)
15  libdispatch.dylib             	0x00000001a668e1dc _dispatch_root_queue_drain_deferred_wlh + 292 (queue.c:7198)
16  libdispatch.dylib             	0x00000001a668da60 _dispatch_workloop_worker_thread + 540 (queue.c:6792)
17  libsystem_pthread.dylib       	0x0000000228b90a0c _pthread_wqthread + 292 (pthread.c:2696)
18  libsystem_pthread.dylib       	0x0000000228b90aac start_wqthread + 8 (:-1)

Thread 7:
0   libsystem_pthread.dylib       	0x0000000228b90aa4 start_wqthread + 0 (:-1)

Thread 8:
0   libsystem_pthread.dylib       	0x0000000228b90aa4 start_wqthread + 0 (:-1)

Thread 9:
0   libsystem_pthread.dylib       	0x0000000228b90aa4 start_wqthread + 0 (:-1)

Thread 10 name:
Thread 10:
0   libsystem_kernel.dylib        	0x00000001ef549ce4 mach_msg2_trap + 8 (:-1)
1   libsystem_kernel.dylib        	0x00000001ef54d39c mach_msg2_internal + 76 (mach_msg.c:201)
2   libsystem_kernel.dylib        	0x00000001ef54d2b8 mach_msg_overwrite + 428 (mach_msg.c:0)
3   libsystem_kernel.dylib        	0x00000001ef54d100 mach_msg + 24 (mach_msg.c:323)
4   CoreFoundation                	0x000000019e6ef7a0 __CFRunLoopServiceMachPort + 160 (CFRunLoop.c:2637)
5   CoreFoundation                	0x000000019e6ee090 __CFRunLoopRun + 1208 (CFRunLoop.c:3021)
6   CoreFoundation                	0x000000019e6efadc CFRunLoopRunSpecific + 572 (CFRunLoop.c:3434)
7   React                         	0x0000000103b14ea0 +[RCTJSThreadManager runRunLoop] + 252
8   Foundation                    	0x000000019d3cc804 __NSThread__start__ + 732 (NSThread.m:991)
9   libsystem_pthread.dylib       	0x0000000228b93344 _pthread_start + 136 (pthread.c:931)
10  libsystem_pthread.dylib       	0x0000000228b90ab8 thread_start + 8 (:-1)

Thread 11 name:
Thread 11:
0   libsystem_kernel.dylib        	0x00000001ef54f438 __psynch_cvwait + 8 (:-1)
1   libsystem_pthread.dylib       	0x0000000228b91e50 _pthread_cond_wait + 984 (pthread_cond.c:862)
2   libc++.1.dylib                	0x00000001af066294 std::__1::condition_variable::wait(std::__1::unique_lock<std::__1::mutex>&) + 32 (condition_variable.cpp:30)
3   hermes                        	0x00000001047c39c4 hermes::vm::HadesGC::Executor::worker() + 116 (:-1)
4   hermes                        	0x00000001047c392c void* std::__1::__thread_proxy[abi:nn180100]<std::__1::tuple<std::__1::unique_ptr<std::__1::__thread_struct, std::__1::default_delete<std::__1::__thread_struct>>, hermes::vm::HadesGC::Executor::Exe... + 44 (:-1)
5   libsystem_pthread.dylib       	0x0000000228b93344 _pthread_start + 136 (pthread.c:931)
6   libsystem_pthread.dylib       	0x0000000228b90ab8 thread_start + 8 (:-1)

Thread 12 name:
Thread 12:
0   libsystem_kernel.dylib        	0x00000001ef54f438 __psynch_cvwait + 8 (:-1)
1   libsystem_pthread.dylib       	0x0000000228b91e50 _pthread_cond_wait + 984 (pthread_cond.c:862)
2   libc++.1.dylib                	0x00000001af066294 std::__1::condition_variable::wait(std::__1::unique_lock<std::__1::mutex>&) + 32 (condition_variable.cpp:30)
3   hermes                        	0x00000001047c39c4 hermes::vm::HadesGC::Executor::worker() + 116 (:-1)
4   hermes                        	0x00000001047c392c void* std::__1::__thread_proxy[abi:nn180100]<std::__1::tuple<std::__1::unique_ptr<std::__1::__thread_struct, std::__1::default_delete<std::__1::__thread_struct>>, hermes::vm::HadesGC::Executor::Exe... + 44 (:-1)
5   libsystem_pthread.dylib       	0x0000000228b93344 _pthread_start + 136 (pthread.c:931)
6   libsystem_pthread.dylib       	0x0000000228b90ab8 thread_start + 8 (:-1)

Thread 13 name:
Thread 13:
0   libsystem_kernel.dylib        	0x00000001ef549ce4 mach_msg2_trap + 8 (:-1)
1   libsystem_kernel.dylib        	0x00000001ef54d39c mach_msg2_internal + 76 (mach_msg.c:201)
2   libsystem_kernel.dylib        	0x00000001ef54d2b8 mach_msg_overwrite + 428 (mach_msg.c:0)
3   libsystem_kernel.dylib        	0x00000001ef54d100 mach_msg + 24 (mach_msg.c:323)
4   CoreFoundation                	0x000000019e6ef7a0 __CFRunLoopServiceMachPort + 160 (CFRunLoop.c:2637)
5   CoreFoundation                	0x000000019e6ee090 __CFRunLoopRun + 1208 (CFRunLoop.c:3021)
6   CoreFoundation                	0x000000019e6efadc CFRunLoopRunSpecific + 572 (CFRunLoop.c:3434)
7   CFNetwork                     	0x000000019fd1ddb8 +[__CFN_CoreSchedulingSetRunnable _run:] + 416 (CoreSchedulingSet.mm:1473)
8   Foundation                    	0x000000019d3cc804 __NSThread__start__ + 732 (NSThread.m:991)
9   libsystem_pthread.dylib       	0x0000000228b93344 _pthread_start + 136 (pthread.c:931)
10  libsystem_pthread.dylib       	0x0000000228b90ab8 thread_start + 8 (:-1)


Thread 6 crashed with ARM Thread State (64-bit):
    x0: 0x0000000000000000   x1: 0x0000000000000000   x2: 0x0000000000000000   x3: 0x0000000000000000
    x4: 0xfffffffffffcdbba   x5: 0x000000000000001a   x6: 0x00000000001309e0   x7: 0xfb93135dde849574
    x8: 0x2ac2c01fa27a0173   x9: 0x2ac2c01ecf3c7173  x10: 0x0000000000000000  x11: 0x0000000000000000
   x12: 0x001b80db80426128  x13: 0x001b70d4004259a8  x14: 0x0000000000026000  x15: 0x000000000000001d
   x16: 0x0000000000000148  x17: 0x000000016d467000  x18: 0x0000000000000000  x19: 0x0000000000000006
   x20: 0x0000000000003303  x21: 0x000000016d4670e0  x22: 0x434c4e47432b2b00  x23: 0x000000010b4d1aa0
   x24: 0x000000010b53c0c0  x25: 0x0000000000000000  x26: 0x0000000000000000  x27: 0x0000000000000000
   x28: 0x0000000000000114   fp: 0x000000016d4666b0   lr: 0x0000000228b97c60
    sp: 0x000000016d466690   pc: 0x00000001ef5541dc cpsr: 0x40001000
   esr: 0x56000080  Address size fault


Binary Images:
        0x102cdc000 -         0x102f9ffff meetOn arm64  <8f7794b1376232ea8c7e82783c738064> /var/containers/Bundle/Application/CB47D629-5BAA-4C61-B558-762A24BAF2EA/meetOn.app/meetOn
        0x103108000 -         0x103117fff RNCAsyncStorage arm64  <af2470a828333a28a030609d1a5c9cf2> /private/var/containers/Bundle/Application/CB47D629-5BAA-4C61-B558-762A24BAF2EA/meetOn.app/Frameworks/RNCAsyncStorage.framework/RNCAsyncStorage
        0x103130000 -         0x10313ffff RNCPicker arm64  <7b379eadd8a33c9894362dac4751e8e9> /private/var/containers/Bundle/Application/CB47D629-5BAA-4C61-B558-762A24BAF2EA/meetOn.app/Frameworks/RNCPicker.framework/RNCPicker
        0x103164000 -         0x103173fff RNDateTimePicker arm64  <8977c54c5ef13bb2bea11b6f48c1b67a> /private/var/containers/Bundle/Application/CB47D629-5BAA-4C61-B558-762A24BAF2EA/meetOn.app/Frameworks/RNDateTimePicker.framework/RNDateTimePicker
        0x10319c000 -         0x1031c3fff RNGestureHandler arm64  <4bb799ad38d934569e2525172bcfcf35> /private/var/containers/Bundle/Application/CB47D629-5BAA-4C61-B558-762A24BAF2EA/meetOn.app/Frameworks/RNGestureHandler.framework/RNGestureHandler
        0x10320c000 -         0x103277fff RNScreens arm64  <a47658c80c9b31e8936ba7884a8d067d> /private/var/containers/Bundle/Application/CB47D629-5BAA-4C61-B558-762A24BAF2EA/meetOn.app/Frameworks/RNScreens.framework/RNScreens
        0x103354000 -         0x10335ffff Reachability arm64  <1cf761e2cdaa3c24923c15e8376ab0f1> /private/var/containers/Bundle/Application/CB47D629-5BAA-4C61-B558-762A24BAF2EA/meetOn.app/Frameworks/Reachability.framework/Reachability
        0x103380000 -         0x10338bfff SDWebImageAVIFCoder arm64  <db49f503fec13d37b72139af0dd3aa5c> /private/var/containers/Bundle/Application/CB47D629-5BAA-4C61-B558-762A24BAF2EA/meetOn.app/Frameworks/SDWebImageAVIFCoder.framework/SDWebImageAVIFCoder
        0x1033a0000 -         0x1033a7fff SDWebImageSVGCoder arm64  <72248d9bdbd03835b1547839150317b1> /private/var/containers/Bundle/Application/CB47D629-5BAA-4C61-B558-762A24BAF2EA/meetOn.app/Frameworks/SDWebImageSVGCoder.framework/SDWebImageSVGCoder
        0x1033b8000 -         0x1033c3fff SDWebImageWebPCoder arm64  <d281c417911f33499ddc8af4697b5429> /private/var/containers/Bundle/Application/CB47D629-5BAA-4C61-B558-762A24BAF2EA/meetOn.app/Frameworks/SDWebImageWebPCoder.framework/SDWebImageWebPCoder
        0x103530000 -         0x1035dffff RNReanimated arm64  <46bf133cc52b3cf580da71e10ff86ce7> /private/var/containers/Bundle/Application/CB47D629-5BAA-4C61-B558-762A24BAF2EA/meetOn.app/Frameworks/RNReanimated.framework/RNReanimated
        0x10376c000 -         0x1037bbfff RNWorklets arm64  <cacf7b3579af30ccaee40ac3e947dd4e> /private/var/containers/Bundle/Application/CB47D629-5BAA-4C61-B558-762A24BAF2EA/meetOn.app/Frameworks/RNWorklets.framework/RNWorklets
        0x103874000 -         0x103caffff React arm64  <d636736195903fe5bbab2a3ad49a83e8> /private/var/containers/Bundle/Application/CB47D629-5BAA-4C61-B558-762A24BAF2EA/meetOn.app/Frameworks/React.framework/React
        0x104384000 -         0x1043dffff ReactCodegen arm64  <fd7858bb760d34428deef267bfd30946> /private/var/containers/Bundle/Application/CB47D629-5BAA-4C61-B558-762A24BAF2EA/meetOn.app/Frameworks/ReactCodegen.framework/ReactCodegen
        0x1044c4000 -         0x10454bfff ReactNativeDependencies arm64  <b35f1182b82e33728a74a4fe502c0906> /private/var/containers/Bundle/Application/CB47D629-5BAA-4C61-B558-762A24BAF2EA/meetOn.app/Frameworks/ReactNativeDependencies.framework/ReactNativeDependencies
        0x10461c000 -         0x104673fff SDWebImage arm64  <e08056396fbc320d992e2d13eb401623> /private/var/containers/Bundle/Application/CB47D629-5BAA-4C61-B558-762A24BAF2EA/meetOn.app/Frameworks/SDWebImage.framework/SDWebImage
        0x1046f4000 -         0x1048f7fff hermes arm64  <ba3c949a77073472b346d3e0690c88d0> /private/var/containers/Bundle/Application/CB47D629-5BAA-4C61-B558-762A24BAF2EA/meetOn.app/Frameworks/hermes.framework/hermes
        0x104b94000 -         0x104babfff libavif arm64  <ef370fc0244a31fcb9401729e15f285a> /private/var/containers/Bundle/Application/CB47D629-5BAA-4C61-B558-762A24BAF2EA/meetOn.app/Frameworks/libavif.framework/libavif
        0x104bc4000 -         0x104c5bfff libdav1d arm64  <dc6c2d11f0af3a1fa6e89cac87857a8f> /private/var/containers/Bundle/Application/CB47D629-5BAA-4C61-B558-762A24BAF2EA/meetOn.app/Frameworks/libdav1d.framework/libdav1d
        0x104ce8000 -         0x104d33fff libwebp arm64  <4b7d2c48960d3a10b844c52364913d80> /private/var/containers/Bundle/Application/CB47D629-5BAA-4C61-B558-762A24BAF2EA/meetOn.app/Frameworks/libwebp.framework/libwebp
        0x104d6c000 -         0x104d7ffff react_native_safe_area_context arm64  <b1ade12695303b70a7afe11cba576970> /private/var/containers/Bundle/Application/CB47D629-5BAA-4C61-B558-762A24BAF2EA/meetOn.app/Frameworks/react_native_safe_area_context.framework/react_native_safe_area_context
        0x104db4000 -         0x104dc3fff react_native_slider arm64  <f817bfe4fc2a351dba5691cc8d0b7379> /private/var/containers/Bundle/Application/CB47D629-5BAA-4C61-B558-762A24BAF2EA/meetOn.app/Frameworks/react_native_slider.framework/react_native_slider
        0x105718000 -         0x105723fff libobjc-trampolines.dylib arm64e  <def9fca06da1332796903b879ffc755c> /private/preboot/Cryptexes/OS/usr/lib/libobjc-trampolines.dylib
        0x19bc60000 -         0x19bcb1bb3 libobjc.A.dylib arm64e  <e8825548d1483ee2807639ea9cb11129> /usr/lib/libobjc.A.dylib
        0x19d357000 -         0x19dfcb05f Foundation arm64e  <c031896b2ef13d89966a0b52d54bceee> /System/Library/Frameworks/Foundation.framework/Foundation
        0x19e6de000 -         0x19ec5afff CoreFoundation arm64e  <ae3c93380166397a9643356b14f6ee58> /System/Library/Frameworks/CoreFoundation.framework/CoreFoundation
        0x19fc7e000 -         0x1a004335f CFNetwork arm64e  <271cab2fd622384c8a7f2b5857119e0d> /System/Library/Frameworks/CFNetwork.framework/CFNetwork
        0x1a0fdc000 -         0x1a2f1e55f UIKitCore arm64e  <5e794caa41623ff6861e45f29f6b8ac0> /System/Library/PrivateFrameworks/UIKitCore.framework/UIKitCore
        0x1a6679000 -         0x1a66beb3f libdispatch.dylib arm64e  <b62778f758273a7ba96da24f7be95416> /usr/lib/system/libdispatch.dylib
        0x1a66bf000 -         0x1a673e6c3 libsystem_c.dylib arm64e  <335cd87d234b3fc182db943350d31a88> /usr/lib/system/libsystem_c.dylib
        0x1af045000 -         0x1af0d4ff7 libc++.1.dylib arm64e  <2fbf38d8e5a53ffe9f8736a797ea4cdb> /usr/lib/libc++.1.dylib
        0x1c5143000 -         0x1c51dd87b dyld arm64e  <cd2e758de1a23b92aae775d38f66ec54> /usr/lib/dyld
        0x1eb514000 -         0x1eb51cc7f GraphicsServices arm64e  <d372e13f75053addae13062656f0b1f6> /System/Library/PrivateFrameworks/GraphicsServices.framework/GraphicsServices
        0x1ef549000 -         0x1ef582ebf libsystem_kernel.dylib arm64e  <a9a7ecbd24dd37e6bb23ecbfd9a87e33> /usr/lib/system/libsystem_kernel.dylib
        0x228aab000 -         0x228ac8fff libc++abi.dylib arm64e  <b5a6eccef205302a8874755a0e3ad747> /usr/lib/libc++abi.dylib
        0x228b90000 -         0x228b9c3f3 libsystem_pthread.dylib arm64e  <1ee1922008593cbcbdebdf37ca2e8e4f> /usr/lib/system/libsystem_pthread.dylib

EOF
